---
source: src/view/block.rs
expression: buffer
---
Buffer {
    area: Rect { x: 0, y: 0, width: 7, height: 5 },
    content: [
        "┌─────┐",
        "│some │",
        "│     │",
        "│     │",
        "└─────┘",
    ],
    styles: [
        x: 0, y: 0, fg: Reset, bg: Reset, underline: Reset, modifier: NONE,
        x: 1, y: 1, fg: Cyan, bg: Reset, underline: Reset, modifier: NONE,
        x: 6, y: 1, fg: Reset, bg: Reset, underline: Reset, modifier: NONE,
    ]
}
