---
source: src/widget/block.rs
expression: terminal.backend().buffer()
---
Buffer {
    area: Rect { x: 0, y: 0, width: 15, height: 5 },
    content: [
        "some text      ",
        "               ",
        "               ",
        "               ",
        "               ",
    ],
    styles: [
        x: 0, y: 0, fg: Red, bg: Reset, underline: Reset, modifier: NONE,
        x: 9, y: 0, fg: Reset, bg: Reset, underline: Reset, modifier: NONE,
    ]
}
